// Vitest Snapshot v1, https://vitest.dev/guide/snapshot.html

exports[`registro > os tokenizadores, a configuracao do MATLAB e os temas, como estao 1`] = `
{
  "configuracoes": {
    "matlab": {
      "autoClosingPairs": [
        {
          "close": "}",
          "open": "{",
        },
        {
          "close": "]",
          "open": "[",
        },
        {
          "close": ")",
          "open": "(",
        },
        {
          "close": """,
          "notIn": [
            "string",
          ],
          "open": """,
        },
        {
          "close": "'",
          "notIn": [
            "string",
            "comment",
          ],
          "open": "'",
        },
      ],
      "brackets": [
        [
          "{",
          "}",
        ],
        [
          "[",
          "]",
        ],
        [
          "(",
          ")",
        ],
      ],
      "comments": {
        "blockComment": [
          "%{",
          "%}",
        ],
        "lineComment": "%",
      },
      "indentationRules": {
        "decreaseIndentPattern": /\\^\\\\s\\*\\(end\\|endif\\|endwhile\\|endfor\\|endfunction\\|endswitch\\|endclassdef\\|endmethods\\|endproperties\\|endevents\\|endenumeration\\|endparfor\\|else\\|elseif\\|case\\|otherwise\\|catch\\|until\\|unwind_protect_cleanup\\)\\\\b\\.\\*\\$/,
        "increaseIndentPattern": /\\^\\\\s\\*\\(if\\|elseif\\|else\\|for\\|parfor\\|while\\|switch\\|case\\|otherwise\\|function\\|classdef\\|methods\\|properties\\|events\\|enumeration\\|try\\|catch\\|do\\|unwind_protect\\|spmd\\)\\\\b\\.\\*\\$/,
      },
      "surroundingPairs": [
        {
          "close": "}",
          "open": "{",
        },
        {
          "close": "]",
          "open": "[",
        },
        {
          "close": ")",
          "open": "(",
        },
        {
          "close": """,
          "open": """,
        },
        {
          "close": "'",
          "open": "'",
        },
      ],
    },
  },
  "temas": {
    "asm-dark": {
      "base": "vs-dark",
      "colors": {
        "editor.background": "#0A0D14",
        "editor.findMatchBackground": "#8E83E866",
        "editor.findMatchHighlightBackground": "#8E83E833",
        "editor.foreground": "#E8ECF3",
        "editor.lineHighlightBackground": "#0F131C",
        "editor.lineHighlightBorder": "#0F131C",
        "editor.selectionBackground": "#8E83E830",
        "editor.selectionHighlightBackground": "#8E83E81C",
        "editorBracketMatch.background": "#8E83E833",
        "editorBracketMatch.border": "#8E83E8",
        "editorCursor.foreground": "#8E83E8",
        "editorGutter.background": "#0A0D14",
        "editorIndentGuide.activeBackground1": "#8E83E8",
        "editorIndentGuide.background1": "#161A23",
        "editorLineNumber.activeForeground": "#A89EF0",
        "editorLineNumber.foreground": "#3F434E",
        "editorWhitespace.foreground": "#1F2532",
        "minimap.background": "#0A0D14",
        "scrollbar.shadow": "#00000000",
        "scrollbarSlider.activeBackground": "#8E83E866",
        "scrollbarSlider.background": "#1F253260",
        "scrollbarSlider.hoverBackground": "#2A3040A0",
      },
      "inherit": true,
      "rules": [
        {
          "fontStyle": "bold",
          "foreground": "8E83E8",
          "token": "keyword.instruction",
        },
        {
          "fontStyle": "bold",
          "foreground": "E8B86C",
          "token": "keyword.jumpInstruction",
        },
        {
          "fontStyle": "bold",
          "foreground": "B98AE0",
          "token": "keyword.directive",
        },
        {
          "foreground": "5FE0B0",
          "token": "type.identifier",
        },
        {
          "fontStyle": "italic",
          "foreground": "6A6F7C",
          "token": "comment",
        },
        {
          "foreground": "5FE0B0",
          "token": "number",
        },
        {
          "foreground": "5BB8E8",
          "token": "number.hex",
        },
        {
          "foreground": "4FD3C2",
          "token": "number.binary",
        },
        {
          "foreground": "E68FB8",
          "token": "string",
        },
        {
          "foreground": "9CA1AE",
          "token": "operator",
        },
        {
          "foreground": "9CA1AE",
          "token": "delimiter",
        },
        {
          "fontStyle": "italic",
          "foreground": "A89EF0",
          "token": "annotation.asm",
        },
      ],
    },
    "asm-light": {
      "base": "vs",
      "colors": {
        "editor.background": "#FAFAFC",
        "editor.foreground": "#2A2D38",
        "editor.lineHighlightBackground": "#F1F1F5",
        "editor.lineHighlightBorder": "#F1F1F5",
        "editor.selectionBackground": "#8E83E830",
        "editor.selectionHighlightBackground": "#8E83E81C",
        "editorCursor.foreground": "#6E63C8",
        "editorGutter.background": "#FAFAFC",
        "editorIndentGuide.activeBackground1": "#6E63C8",
        "editorIndentGuide.background1": "#EAEAEF",
        "editorLineNumber.activeForeground": "#6E63C8",
        "editorLineNumber.foreground": "#B5B8C2",
        "editorWhitespace.foreground": "#DDDDE3",
        "minimap.background": "#FAFAFC",
      },
      "inherit": true,
      "rules": [
        {
          "fontStyle": "bold",
          "foreground": "6E63C8",
          "token": "keyword.instruction",
        },
        {
          "fontStyle": "bold",
          "foreground": "C49344",
          "token": "keyword.jumpInstruction",
        },
        {
          "fontStyle": "bold",
          "foreground": "8B5CB8",
          "token": "keyword.directive",
        },
        {
          "foreground": "3A9D6E",
          "token": "type.identifier",
        },
        {
          "fontStyle": "italic",
          "foreground": "7B7F8B",
          "token": "comment",
        },
        {
          "foreground": "3A9D6E",
          "token": "number",
        },
        {
          "foreground": "2A7AB0",
          "token": "number.hex",
        },
        {
          "foreground": "3FB0A0",
          "token": "number.binary",
        },
        {
          "foreground": "B8568C",
          "token": "string",
        },
        {
          "foreground": "545A6B",
          "token": "operator",
        },
        {
          "foreground": "545A6B",
          "token": "delimiter",
        },
        {
          "fontStyle": "italic",
          "foreground": "6E63C8",
          "token": "annotation.asm",
        },
      ],
    },
    "cmm-dark": {
      "base": "vs-dark",
      "colors": {
        "editor.background": "#0A0D14",
        "editor.findMatchBackground": "#8E83E866",
        "editor.findMatchBorder": "#A89EF0",
        "editor.findMatchHighlightBackground": "#8E83E833",
        "editor.foreground": "#E8ECF3",
        "editor.inactiveSelectionBackground": "#8E83E820",
        "editor.lineHighlightBackground": "#0F131C",
        "editor.lineHighlightBorder": "#0F131C",
        "editor.selectionBackground": "#8E83E830",
        "editor.selectionHighlightBackground": "#8E83E81C",
        "editorBracketHighlight.foreground1": "#5FE0B0",
        "editorBracketHighlight.foreground2": "#5BB8E8",
        "editorBracketHighlight.foreground3": "#8E83E8",
        "editorBracketHighlight.foreground4": "#B98AE0",
        "editorBracketHighlight.foreground5": "#E68FB8",
        "editorBracketHighlight.foreground6": "#4FD3C2",
        "editorBracketHighlight.unexpectedBracket.foreground": "#E26C6C",
        "editorBracketMatch.background": "#8E83E833",
        "editorBracketMatch.border": "#8E83E8",
        "editorCursor.foreground": "#8E83E8",
        "editorError.foreground": "#E26C6C",
        "editorGutter.background": "#0A0D14",
        "editorIndentGuide.activeBackground1": "#8E83E8",
        "editorIndentGuide.background1": "#161A23",
        "editorInfo.foreground": "#5BB8E8",
        "editorLineNumber.activeForeground": "#A89EF0",
        "editorLineNumber.foreground": "#3F434E",
        "editorWarning.foreground": "#E8B86C",
        "editorWhitespace.foreground": "#1F2532",
        "minimap.background": "#0A0D14",
        "minimap.findMatchHighlight": "#8E83E866",
        "minimap.selectionHighlight": "#8E83E844",
        "scrollbar.shadow": "#00000000",
        "scrollbarSlider.activeBackground": "#8E83E866",
        "scrollbarSlider.background": "#1F253260",
        "scrollbarSlider.hoverBackground": "#2A3040A0",
      },
      "inherit": true,
      "rules": [
        {
          "fontStyle": "italic",
          "foreground": "6A6F7C",
          "token": "comment",
        },
        {
          "fontStyle": "bold",
          "foreground": "8E83E8",
          "token": "keyword",
        },
        {
          "foreground": "B98AE0",
          "token": "keyword.directive.cmm",
        },
        {
          "fontStyle": "bold",
          "foreground": "5BB8E8",
          "token": "keyword.function.stdlib.cmm",
        },
        {
          "fontStyle": "bold",
          "foreground": "E8B86C",
          "token": "constant.define.cmm",
        },
        {
          "fontStyle": "bold",
          "foreground": "E8B86C",
          "token": "constant.language",
        },
        {
          "foreground": "E68FB8",
          "token": "string",
        },
        {
          "foreground": "5FE0B0",
          "token": "number",
        },
        {
          "fontStyle": "bold",
          "foreground": "BD93F9",
          "token": "number.complex.imaginary.cmm",
        },
        {
          "foreground": "9CA1AE",
          "token": "operator",
        },
        {
          "fontStyle": "bold",
          "foreground": "A89EF0",
          "token": "operator.shift.arithmetic",
        },
        {
          "foreground": "9CA1AE",
          "token": "delimiter",
        },
        {
          "foreground": "E68FB8",
          "token": "delimiter.square.inverted",
        },
        {
          "fontStyle": "bold",
          "foreground": "A89EF0",
          "token": "dirac.bracket",
        },
        {
          "fontStyle": "bold",
          "foreground": "A89EF0",
          "token": "dirac.bar",
        },
        {
          "fontStyle": "bold",
          "foreground": "B98AE0",
          "token": "keyword.special.dirac",
        },
      ],
    },
    "cmm-light": {
      "base": "vs",
      "colors": {
        "editor.background": "#FAFAFC",
        "editor.findMatchBackground": "#8E83E866",
        "editor.findMatchHighlightBackground": "#8E83E833",
        "editor.foreground": "#2A2D38",
        "editor.lineHighlightBackground": "#F1F1F5",
        "editor.lineHighlightBorder": "#F1F1F5",
        "editor.selectionBackground": "#8E83E830",
        "editor.selectionHighlightBackground": "#8E83E81C",
        "editorBracketHighlight.foreground1": "#3A9D6E",
        "editorBracketHighlight.foreground2": "#2A7AB0",
        "editorBracketHighlight.foreground3": "#6E63C8",
        "editorBracketHighlight.foreground4": "#8B5CB8",
        "editorBracketHighlight.foreground5": "#B8568C",
        "editorBracketHighlight.foreground6": "#3FB0A0",
        "editorBracketHighlight.unexpectedBracket.foreground": "#C5453F",
        "editorBracketMatch.background": "#8E83E833",
        "editorBracketMatch.border": "#6E63C8",
        "editorCursor.foreground": "#6E63C8",
        "editorError.foreground": "#C5453F",
        "editorGutter.background": "#FAFAFC",
        "editorIndentGuide.activeBackground1": "#6E63C8",
        "editorIndentGuide.background1": "#EAEAEF",
        "editorInfo.foreground": "#2A7AB0",
        "editorLineNumber.activeForeground": "#6E63C8",
        "editorLineNumber.foreground": "#B5B8C2",
        "editorWarning.foreground": "#C49344",
        "editorWhitespace.foreground": "#DDDDE3",
        "minimap.background": "#FAFAFC",
        "scrollbar.shadow": "#00000000",
        "scrollbarSlider.activeBackground": "#6E63C866",
        "scrollbarSlider.background": "#0000001A",
        "scrollbarSlider.hoverBackground": "#00000033",
      },
      "inherit": true,
      "rules": [
        {
          "fontStyle": "italic",
          "foreground": "7B7F8B",
          "token": "comment",
        },
        {
          "fontStyle": "bold",
          "foreground": "6E63C8",
          "token": "keyword",
        },
        {
          "foreground": "8B5CB8",
          "token": "keyword.directive.cmm",
        },
        {
          "fontStyle": "bold",
          "foreground": "2A7AB0",
          "token": "keyword.function.stdlib.cmm",
        },
        {
          "fontStyle": "bold",
          "foreground": "B5791F",
          "token": "constant.define.cmm",
        },
        {
          "fontStyle": "bold",
          "foreground": "B5791F",
          "token": "constant.language",
        },
        {
          "foreground": "B8568C",
          "token": "string",
        },
        {
          "foreground": "3A9D6E",
          "token": "number",
        },
        {
          "fontStyle": "bold",
          "foreground": "7C3AED",
          "token": "number.complex.imaginary.cmm",
        },
        {
          "foreground": "545A6B",
          "token": "operator",
        },
        {
          "fontStyle": "bold",
          "foreground": "6E63C8",
          "token": "operator.shift.arithmetic",
        },
        {
          "foreground": "545A6B",
          "token": "delimiter",
        },
        {
          "foreground": "B8568C",
          "token": "delimiter.square.inverted",
        },
        {
          "fontStyle": "bold",
          "foreground": "6E63C8",
          "token": "dirac.bracket",
        },
        {
          "fontStyle": "bold",
          "foreground": "6E63C8",
          "token": "dirac.bar",
        },
        {
          "fontStyle": "bold",
          "foreground": "8B5CB8",
          "token": "keyword.special.dirac",
        },
      ],
    },
  },
  "tokenizadores": {
    "asm": {
      "defaultToken": "",
      "directives": [
        "PRNAME",
        "NUBITS",
        "NBMANT",
        "NBEXPO",
        "NDSTAC",
        "SDEPTH",
        "NUIOIN",
        "NUIOOU",
        "NUGAIN",
        "FROUND",
        "FFTSIZ",
        "array",
        "arrays",
        "ITRAD",
        "TOAQUI",
      ],
      "instructions": [
        "LOD",
        "P_LOD",
        "LDI",
        "ILI",
        "SET",
        "SET_P",
        "SRF",
        "IRF",
        "PSH",
        "POP",
        "P_LOD_V",
        "MLT_V",
        "F_MLT_V",
        "INN",
        "OUT",
        "STI",
        "ISI",
        "PST",
        "PST_M",
        "ADD",
        "S_ADD",
        "F_ADD",
        "SF_ADD",
        "P_PST_M",
        "MLT",
        "S_MLT",
        "F_MLT",
        "SF_MLT",
        "F_PST",
        "DIV",
        "S_DIV",
        "F_DIV",
        "SF_DIV",
        "F_PST_M",
        "MOD",
        "S_MOD",
        "PF_PST_M",
        "ADD_V",
        "SGN",
        "S_SGN",
        "F_SGN",
        "SF_SGN",
        "F_ADD_V",
        "NEG",
        "NEG_M",
        "P_NEG_M",
        "F_NEG",
        "F_NEG_M",
        "PF_NEG_M",
        "ABS",
        "ABS_M",
        "P_ABS_M",
        "F_ABS",
        "F_ABS_M",
        "PF_ABS_M",
        "NRM",
        "NRM_M",
        "P_NRM_M",
        "P_INN",
        "NOP",
        "I2F",
        "I2F_M",
        "P_I2F_M",
        "F2I",
        "F2I_M",
        "P_F2I_M",
        "AND",
        "S_AND",
        "ORR",
        "S_ORR",
        "XOR",
        "S_XOR",
        "INV",
        "INV_M",
        "P_INV_M",
        "LAN",
        "S_LAN",
        "LOR",
        "S_LOR",
        "LOD_V",
        "CAL",
        "RET",
        "SET_V",
        "LIN",
        "LIN_M",
        "P_LIN_M",
        "LES",
        "S_LES",
        "F_LES",
        "SF_LES",
        "GRE",
        "S_GRE",
        "F_GRE",
        "SF_GRE",
        "EQU",
        "S_EQU",
        "SHL",
        "S_SHL",
        "SHR",
        "S_SHR",
        "SRS",
        "S_SRS",
        "F_INN",
        "PF_INN",
        "JMP",
        "JIZ",
        "F_ROT",
        "F_SU1",
        "F_SU2",
        "SF_SU1",
        "SF_SU2",
      ],
      "jumpInstructions": [
        "JMP",
        "JIZ",
      ],
      "symbols": /\\[=><!~\\?:&\\|\\+\\*/%\\^-\\]\\+/,
      "tokenPostfix": ".asm",
      "tokenizer": {
        "root": [
          [
            /#\\(PRNAME\\|NUBITS\\|NBMANT\\|NBEXPO\\|NDSTAC\\|SDEPTH\\|NUIOIN\\|NUIOOU\\|NUGAIN\\|FROUND\\|FFTSIZ\\|array\\|arrays\\|ITRAD\\|TOAQUI\\)\\\\b/,
            "keyword.directive",
          ],
          [
            /\\\\/\\\\/\\.\\*\\$/,
            "comment",
          ],
          [
            /;\\.\\*\\$/,
            "comment",
          ],
          [
            /\\^\\\\s\\*\\[a-zA-Z_\\]\\\\w\\*:/,
            "type.identifier",
          ],
          [
            /\\\\b0x\\[0-9a-fA-F\\]\\+\\\\b/,
            "number.hex",
          ],
          [
            /\\\\b\\[0-9\\]\\+\\\\b/,
            "number",
          ],
          [
            /\\\\b\\[01\\]\\+b\\\\b/,
            "number.binary",
          ],
          [
            /"\\(\\[\\^"\\\\\\\\\\]\\|\\\\\\\\\\.\\)\\*\\$/,
            "string.invalid",
          ],
          [
            /"/,
            {
              "bracket": "@open",
              "next": "@string",
              "token": "string.quote",
            },
          ],
          [
            /\\\\b\\(JMP\\|JIZ\\)\\\\b/,
            "keyword.jumpInstruction",
          ],
          [
            /\\\\b\\(\\[A-Z\\]\\[A-Z0-9_\\]\\*\\)\\\\b/,
            {
              "cases": {
                "@default": "identifier",
                "@directives": "keyword.directive",
                "@instructions": "keyword.instruction",
              },
            },
          ],
          [
            /\\[a-zA-Z_\\]\\\\w\\*/,
            "identifier",
          ],
          {
            "include": "@whitespace",
          },
          [
            /\\[\\(\\),\\]/,
            "delimiter",
          ],
          [
            /\\[=<>!\\+\\\\-\\*/\\]/,
            "operator",
          ],
          [
            /@\\\\w\\+/,
            "annotation.asm",
          ],
        ],
        "string": [
          [
            /\\[\\^\\\\\\\\"\\]\\+/,
            "string",
          ],
          [
            /\\\\\\\\\\./,
            "string.escape",
          ],
          [
            /"/,
            {
              "bracket": "@close",
              "next": "@pop",
              "token": "string.quote",
            },
          ],
        ],
        "whitespace": [
          [
            /\\[ \\\\t\\\\r\\\\n\\]\\+/,
            "white",
          ],
        ],
      },
    },
    "cmm": {
      "defaultToken": "",
      "defineConstants": [],
      "escapes": /\\\\\\\\\\(\\?:\\[abfnrtv\\\\\\\\"'\\]\\|x\\[0-9A-Fa-f\\]\\{1,4\\}\\|u\\[0-9A-Fa-f\\]\\{4\\}\\|U\\[0-9A-Fa-f\\]\\{8\\}\\)/,
      "keywords": [
        "if",
        "else",
        "for",
        "while",
        "do",
        "struct",
        "return",
        "break",
        "continue",
        "switch",
        "case",
        "default",
        "goto",
        "sizeof",
        "volatile",
        "typedef",
        "enum",
        "union",
        "register",
        "extern",
        "inline",
        "void",
        "int",
        "comp",
        "char",
        "float",
        "double",
        "bool",
        "long",
        "short",
        "signed",
        "unsigned",
        "const",
        "static",
        "auto",
        "Jussara",
        "Anon",
        "Chrysthofer",
      ],
      "operators": [
        "=",
        ">",
        "<",
        "!",
        "~",
        "?",
        ":",
        "==",
        "<=",
        ">=",
        "!=",
        "&&",
        "||",
        "++",
        "--",
        "+",
        "-",
        "*",
        "/",
        "&",
        "|",
        "^",
        "%",
        "<<",
        ">>",
        ">>>",
        "+=",
        "-=",
        "*=",
        "/=",
        "%=",
        "&=",
        "|=",
        "^=",
        "<<=",
        ">>=",
        ">>>=",
      ],
      "symbols": /\\[=><!~\\?:&\\|\\+\\*/%\\^-\\]\\+/,
      "tokenPostfix": ".cmm",
      "tokenizer": {
        "comment": [
          [
            /\\[\\^/\\*\\]\\+/,
            "comment",
          ],
          [
            /\\\\/\\\\\\*/,
            "comment",
            "@push",
          ],
          [
            /\\\\\\*\\\\//,
            "comment",
            "@pop",
          ],
          [
            /\\[/\\*\\]/,
            "comment",
          ],
        ],
        "root": [
          [
            /#\\(PRNAME\\|NUBITS\\|NBMANT\\|NBEXPO\\|NDSTAC\\|SDEPTH\\|NUIOIN\\|NUIOOU\\|NUGAIN\\|FROUND\\|FFTSIZ\\|PRACA\\|TOAQUI\\)/,
            "keyword.directive.cmm",
          ],
          [
            /\\(#define\\)\\(\\\\s\\+\\)\\(\\[a-zA-Z_\\]\\\\w\\*\\)/,
            [
              "keyword.directive.cmm",
              "white",
              "constant.define.cmm",
            ],
          ],
          [
            /#define\\\\b/,
            "keyword.directive.cmm",
          ],
          [
            /\\\\b\\(in\\|fin\\|out\\|fout\\|norm\\|sign\\|pset\\|abs\\|copy\\|sqrt\\|atan\\|sin\\|cos\\|tan\\|exp\\|log\\|pow\\|real\\|imag\\|fase\\|mod2\\|complex\\|vtv\\)\\\\b\\(\\?=\\\\s\\*\\\\\\(\\)/,
            "keyword.function.stdlib.cmm",
          ],
          [
            /\\(\\\\w\\+\\)\\(\\\\s\\*\\)\\(#\\)\\(\\\\s\\*\\)\\(\\[\\^⟨\\|⟩\\]\\*\\)\\(\\\\s\\*\\)\\(\\\\\\|\\)\\(\\[\\^⟨\\|⟩\\\\s\\]\\+\\)\\(\\\\\\|\\)\\(\\\\s\\*\\)\\(\\[\\^⟨\\|⟩\\\\s\\]\\*\\)\\(\\\\s\\*\\)\\(⟩\\)/,
            [
              "identifier",
              "white",
              "operator",
              "white",
              "identifier",
              "white",
              "dirac.bar",
              "identifier",
              "dirac.bar",
              "white",
              "identifier",
              "white",
              "dirac.bracket",
            ],
          ],
          [
            /\\(\\\\w\\+\\)\\(\\\\s\\*\\)\\(#\\)\\(\\\\s\\*\\)\\(\\[\\^⟨\\|⟩\\]\\*\\)\\(\\\\s\\*\\)\\(\\\\\\|\\)\\(\\[BI\\]\\)\\(\\\\\\|\\)/,
            [
              "identifier",
              "white",
              "operator",
              "white",
              "identifier",
              "white",
              "dirac.bar",
              "keyword.special.dirac",
              "dirac.bar",
            ],
          ],
          [
            /\\(\\\\w\\+\\)\\(\\\\s\\*\\)\\(#\\)\\(\\\\s\\*\\)\\(\\\\\\|\\)\\(\\[\\^⟨\\|⟩\\\\s\\]\\+\\)\\(⟩⟨\\)\\(\\[\\^⟨\\|⟩\\\\s\\]\\+\\)\\(\\\\\\|\\)/,
            [
              "identifier",
              "white",
              "operator",
              "white",
              "dirac.bar",
              "identifier",
              "dirac.bracket",
              "identifier",
              "dirac.bar",
            ],
          ],
          [
            /\\(\\\\w\\+\\)\\(\\\\s\\*\\)\\(#\\)\\(\\\\s\\*\\)\\(\\\\\\|\\)\\(\\[\\^⟨\\|⟩\\\\s\\]\\+\\)\\(\\\\\\|\\)\\(\\\\s\\*\\)\\(-\\)\\(\\\\s\\*\\)\\(\\\\\\|\\)\\(\\[\\^⟨\\|⟩\\\\s\\]\\+\\)\\(⟩⟨\\)\\(\\[\\^⟨\\|⟩\\\\s\\]\\+\\)\\(\\\\\\|\\)/,
            [
              "identifier",
              "white",
              "operator",
              "white",
              "dirac.bar",
              "identifier",
              "dirac.bar",
              "white",
              "operator",
              "white",
              "dirac.bar",
              "identifier",
              "dirac.bracket",
              "identifier",
              "dirac.bar",
            ],
          ],
          [
            /\\(\\\\w\\+\\)\\(\\\\s\\*\\)\\(#\\)\\(\\\\s\\*\\)\\(\\\\\\|\\)\\(0\\)\\(⟩\\)/,
            [
              "identifier",
              "white",
              "operator",
              "white",
              "dirac.bar",
              "keyword.special.dirac",
              "dirac.bracket",
            ],
          ],
          [
            /\\(\\\\w\\+\\)\\(\\\\s\\*\\)\\(#\\)\\(\\\\s\\*\\)\\(\\[\\^⟨\\|⟩\\\\s\\]\\+\\)\\(\\\\s\\*\\)\\(\\\\\\|\\)\\(in\\\\\\(\\[\\^\\)\\]\\+\\\\\\)\\)\\(⟩\\)/,
            [
              "identifier",
              "white",
              "operator",
              "white",
              "identifier",
              "white",
              "dirac.bar",
              "keyword.function.stdlib.cmm",
              "dirac.bracket",
            ],
          ],
          [
            /\\(out\\)\\(\\\\s\\*\\)\\(\\\\\\(\\)\\(\\\\s\\*\\)\\(\\[\\^,\\]\\+\\)\\(\\\\s\\*\\)\\(,\\)\\(\\\\s\\*\\)\\(\\[\\^⟨\\|⟩\\\\s\\]\\*\\)\\(\\\\s\\*\\)\\(\\\\\\|\\)\\(\\[\\^⟨\\|⟩\\\\s\\]\\+\\)\\(⟩\\)\\(\\\\s\\*\\)\\(\\\\\\)\\)/,
            [
              "keyword.function.stdlib.cmm",
              "white",
              "delimiter.parenthesis",
              "white",
              "identifier",
              "white",
              "delimiter",
              "white",
              "identifier",
              "white",
              "dirac.bar",
              "identifier",
              "dirac.bracket",
              "white",
              "delimiter.parenthesis",
            ],
          ],
          [
            /\\(⟨\\)\\(\\[\\^⟨⟩\\|\\]\\+\\)\\(\\\\\\|\\)\\(\\[\\^⟨⟩\\|\\]\\+\\)\\(⟩\\)/,
            [
              "dirac.bracket",
              "identifier",
              "dirac.bar",
              "identifier",
              "dirac.bracket",
            ],
          ],
          [
            /\\(\\\\\\|\\)\\(\\[\\^⟨⟩\\|\\\\s\\]\\+\\)\\(⟩\\)/,
            [
              "dirac.bar",
              "identifier",
              "dirac.bracket",
            ],
          ],
          [
            /\\(⟨\\)\\(\\[\\^⟨⟩\\|\\]\\+\\)\\(\\\\\\|\\)/,
            [
              "dirac.bracket",
              "identifier",
              "dirac.bar",
            ],
          ],
          [
            /\\(\\\\\\|\\)\\(\\[IB\\]\\)\\(\\\\\\|\\)/,
            [
              "dirac.bar",
              "keyword.special.dirac",
              "dirac.bar",
            ],
          ],
          [
            /\\(\\\\\\|\\)\\(0\\)\\(⟩\\)/,
            [
              "dirac.bar",
              "keyword.special.dirac",
              "dirac.bracket",
            ],
          ],
          [
            /\\(\\\\\\|\\)\\(in\\\\\\(\\[\\^\\)\\]\\+\\\\\\)\\)\\(⟩\\)/,
            [
              "dirac.bar",
              "keyword.function.stdlib.cmm",
              "dirac.bracket",
            ],
          ],
          [
            /\\[⟨⟩\\]/,
            "dirac.bracket",
          ],
          [
            /\\\\\\|/,
            "dirac.bar",
          ],
          [
            /\\(\\\\\\[\\\\s\\*\\)\\(\\\\d\\+\\)\\(\\\\s\\*\\\\\\]\\)\\(\\\\s\\*\\)\\("\\[\\^"\\]\\*"\\)/,
            [
              "delimiter.square",
              "number",
              "delimiter.square",
              "white",
              "string",
            ],
          ],
          [
            /\\\\\\[\\\\s\\*\\\\w\\+\\\\s\\*\\\\\\)/,
            "delimiter.square.inverted",
          ],
          [
            /\\(\\\\d\\*\\\\\\.\\?\\\\d\\+\\)\\(im\\)\\\\b/,
            [
              "number",
              "number.complex.imaginary.cmm",
            ],
          ],
          [
            /\\\\d\\*\\\\\\.\\\\d\\+\\(\\[eE\\]\\[-\\+\\]\\?\\\\d\\+\\)\\?/,
            "number.float",
          ],
          [
            /0\\[xX\\]\\[0-9a-fA-F\\]\\+/,
            "number.hex",
          ],
          [
            /\\\\d\\+/,
            "number",
          ],
          [
            /\\[a-zA-Z_\\]\\\\w\\*/,
            {
              "cases": {
                "@default": "identifier",
                "@defineConstants": "constant.define.cmm",
                "@keywords": "keyword",
                "@typeKeywords": "keyword.type",
              },
            },
          ],
          {
            "include": "@whitespace",
          },
          [
            /"\\(\\[\\^"\\\\\\\\\\]\\|\\\\\\\\\\.\\)\\*\\$/,
            "string.invalid",
          ],
          [
            /"/,
            {
              "bracket": "@open",
              "next": "@string",
              "token": "string.quote",
            },
          ],
          [
            /'\\[\\^\\\\\\\\'\\]'/,
            "string",
          ],
          [
            /\\('\\)\\(@escapes\\)\\('\\)/,
            [
              "string",
              "string.escape",
              "string",
            ],
          ],
          [
            /'/,
            "string.invalid",
          ],
          [
            />>>/,
            "operator.shift.arithmetic",
          ],
          [
            /@symbols/,
            {
              "cases": {
                "@default": "",
                "@operators": "operator",
              },
            },
          ],
        ],
        "string": [
          [
            /\\[\\^\\\\\\\\"\\]\\+/,
            "string",
          ],
          [
            /\\\\\\\\\\./,
            "string.escape.invalid",
          ],
          [
            /"/,
            {
              "bracket": "@close",
              "next": "@pop",
              "token": "string.quote",
            },
          ],
        ],
        "whitespace": [
          [
            /\\[ \\\\t\\\\r\\\\n\\]\\+/,
            "white",
          ],
          [
            /\\\\/\\\\\\*/,
            "comment",
            "@comment",
          ],
          [
            /\\\\/\\\\/\\.\\*\\$/,
            "comment",
          ],
        ],
      },
      "typeKeywords": [
        "bool",
        "int",
        "long",
        "float",
        "double",
        "char",
        "void",
        "unsigned",
        "signed",
        "short",
      ],
    },
    "matlab": {
      "constants": [
        "true",
        "false",
        "pi",
        "eps",
        "Inf",
        "inf",
        "NaN",
        "nan",
        "NA",
        "ans",
        "nargin",
        "nargout",
        "varargin",
        "varargout",
        "realmax",
        "realmin",
      ],
      "defaultToken": "",
      "keywords": [
        "break",
        "case",
        "catch",
        "classdef",
        "continue",
        "do",
        "else",
        "elseif",
        "end",
        "end_try_catch",
        "end_unwind_protect",
        "endclassdef",
        "endenumeration",
        "endevents",
        "endfor",
        "endfunction",
        "endif",
        "endmethods",
        "endparfor",
        "endproperties",
        "endswitch",
        "endwhile",
        "enumeration",
        "events",
        "for",
        "function",
        "global",
        "if",
        "methods",
        "otherwise",
        "parfor",
        "persistent",
        "properties",
        "return",
        "spmd",
        "switch",
        "try",
        "until",
        "unwind_protect",
        "unwind_protect_cleanup",
        "while",
      ],
      "operators": [
        "+",
        "-",
        "*",
        "/",
        "\\",
        "^",
        ".'",
        ".^",
        ".*",
        "./",
        ".\\",
        "==",
        "~=",
        "!=",
        "<",
        ">",
        "<=",
        ">=",
        "&",
        "|",
        "~",
        "!",
        "&&",
        "||",
        "=",
        "+=",
        "-=",
        "*=",
        "/=",
        "^=",
        "++",
        "--",
        ":",
        "@",
      ],
      "symbols": /\\[=><~&\\|\\+\\\\-\\*/\\^%@:!\\.\\\\\\\\\\]\\+/,
      "tokenPostfix": ".matlab",
      "tokenizer": {
        "blockcomment": [
          [
            /\\^\\\\s\\*%\\\\\\}\\[ \\\\t\\]\\*\\$/,
            {
              "next": "@pop",
              "token": "comment",
            },
          ],
          [
            /\\^\\\\s\\*#\\\\\\}\\[ \\\\t\\]\\*\\$/,
            {
              "next": "@pop",
              "token": "comment",
            },
          ],
          [
            /\\.\\*\\$/,
            "comment",
          ],
        ],
        "dqstring": [
          [
            /\\[\\^"\\]\\+/,
            "string",
          ],
          [
            /""/,
            "string",
          ],
          [
            /"/,
            {
              "bracket": "@close",
              "next": "@pop",
              "token": "string.quote",
            },
          ],
        ],
        "root": [
          [
            /\\^\\\\s\\*%\\\\\\{\\[ \\\\t\\]\\*\\$/,
            {
              "next": "@blockcomment",
              "token": "comment",
            },
          ],
          [
            /\\^\\\\s\\*#\\\\\\{\\[ \\\\t\\]\\*\\$/,
            {
              "next": "@blockcomment",
              "token": "comment",
            },
          ],
          [
            /%\\.\\*\\$/,
            "comment",
          ],
          [
            /#\\.\\*\\$/,
            "comment",
          ],
          [
            /\\\\\\.\\\\\\.\\\\\\.\\.\\*\\$/,
            "comment",
          ],
          [
            /\\\\\\.'/,
            "operator",
          ],
          [
            /\\[a-zA-Z_\\]\\\\w\\*/,
            {
              "cases": {
                "@constants": {
                  "next": "@transpose",
                  "token": "constant.language",
                },
                "@default": {
                  "next": "@transpose",
                  "token": "identifier",
                },
                "@keywords": {
                  "next": "@transpose",
                  "token": "keyword",
                },
              },
            },
          ],
          [
            /@\\[a-zA-Z_\\]\\\\w\\*/,
            "identifier",
          ],
          {
            "include": "@whitespace",
          },
          [
            /\\\\d\\*\\\\\\.\\\\d\\+\\(\\[eE\\]\\[-\\+\\]\\?\\\\d\\+\\)\\?\\[ij\\]\\?/,
            {
              "next": "@transpose",
              "token": "number.float",
            },
          ],
          [
            /0\\[xX\\]\\[0-9a-fA-F\\]\\+/,
            {
              "next": "@transpose",
              "token": "number.hex",
            },
          ],
          [
            /\\\\d\\+\\(\\[eE\\]\\[-\\+\\]\\?\\\\d\\+\\)\\?\\[ij\\]\\?/,
            {
              "next": "@transpose",
              "token": "number",
            },
          ],
          [
            /\\[\\(\\[\\{\\]/,
            "@brackets",
          ],
          [
            /\\[\\)\\\\\\]\\}\\]/,
            {
              "next": "@transpose",
              "token": "@brackets",
            },
          ],
          [
            /"/,
            {
              "bracket": "@open",
              "next": "@dqstring",
              "token": "string.quote",
            },
          ],
          [
            /'/,
            {
              "bracket": "@open",
              "next": "@sqstring",
              "token": "string.quote",
            },
          ],
          [
            /@symbols/,
            {
              "cases": {
                "@default": "delimiter",
                "@operators": "operator",
              },
            },
          ],
          [
            /\\[;,\\]/,
            "delimiter",
          ],
        ],
        "sqstring": [
          [
            /\\[\\^'\\]\\+/,
            "string",
          ],
          [
            /''/,
            "string",
          ],
          [
            /'/,
            {
              "bracket": "@close",
              "next": "@pop",
              "token": "string.quote",
            },
          ],
        ],
        "transpose": [
          [
            /'\\+/,
            "operator",
          ],
          [
            /\\./,
            {
              "next": "@pop",
              "token": "@rematch",
            },
          ],
        ],
        "whitespace": [
          [
            /\\[ \\\\t\\\\r\\\\n\\]\\+/,
            "white",
          ],
        ],
      },
    },
  },
}
`;
